epoch rss_kb fds watches staging_files staging_kb
1787850426 26316 11 4175 0 0
1787850456 27728 12 4175 0 0
1787850486 24068 11 4175 0 0
1787850516 24252 11 4175 0 0
1787850546 24116 11 4175 0 0
1787850576 24116 11 4175 0 0
1787850606 24116 11 4175 0 0
1787850636 24260 11 4175 0 0
1787850667 24356 11 4175 0 0
1787850697 24236 11 4175 0 0
1787850727 24244 11 4175 0 0
1787850757 24240 11 4175 0 0
1787850787 24376 11 4175 0 0
1787850817 24308 11 4175 0 0
1787850847 24252 11 4175 0 0
1787850877 24368 11 4175 0 0
1787850907 24428 11 4175 0 0
1787850937 24268 11 4175 0 0
1787850967 24464 11 4175 0 0
1787850997 24552 11 4175 0 0
1787851027 24596 11 4175 0 0
1787851057 24540 11 4175 0 0
1787851087 24600 11 4175 0 0
1787851117 24764 11 4175 0 0
1787851147 24672 11 4175 0 0
1787851177 24644 11 4175 0 0
1787851207 24788 11 4175 0 0
1787851237 24672 11 4175 0 0
1787851267 24672 11 4175 0 0
1787851297 24672 11 4175 0 0
1787851327 24800 11 4175 0 0
1787851357 24868 11 4175 0 0
1787851387 24764 11 4175 0 0
1787851417 24820 11 4175 0 0
1787851447 24888 11 4175 0 0
1787851477 24924 11 4175 0 0
1787851507 24960 11 4175 0 0
1787851537 24944 11 4175 0 0
1787851567 25524 11 4175 0 0
1787851597 25024 11 4175 0 0
1787851627 24980 11 4175 0 0
1787851657 25000 11 4175 0 0
1787851687 24940 11 4175 0 0
1787851717 25000 11 4175 0 0
1787851747 24924 11 4175 0 0
1787851777 26512 11 4175 0 0
1787851807 25048 11 4175 0 0
1787851837 25084 11 4175 0 0
1787851867 24976 11 4175 0 0
1787851897 25164 11 4175 0 0
1787851927 25176 11 4175 0 0
1787851957 25176 11 4175 0 0
1787851987 25176 11 4175 0 0
1787852018 25176 11 4175 0 0
1787852048 25184 11 4175 0 0
1787852078 25024 11 4175 0 0
1787852108 25224 11 4175 0 0
1787852138 25120 11 4175 0 0
1787852168 25184 11 4175 0 0
1787852198 25024 11 4175 0 0
1787852228 25088 11 4175 0 0
1787852258 25216 11 4175 0 0
1787852288 26628 11 4175 0 0
1787852318 25332 11 4175 0 0
1787852348 25148 11 4175 0 0
1787852378 25184 11 4175 0 0
1787852408 25128 11 4175 0 0
1787852438 25140 11 4175 0 0
1787852468 25348 11 4175 0 0
1787852498 29588 11 4175 0 0
1787852528 25220 11 4175 0 0
1787852558 25384 11 4175 0 0
1787852588 25368 11 4175 0 0
1787852618 25208 11 4175 0 0
1787852648 25236 11 4175 0 0
1787852678 25236 11 4175 0 0
1787852708 25236 11 4175 0 0
1787852738 25240 11 4175 0 0
1787852768 29544 11 4175 0 0
1787852798 25132 11 4175 0 0
1787852828 25420 11 4175 0 0
1787852858 25296 11 4175 0 0
1787852888 29268 12 4175 0 0
1787852918 25444 11 4175 0 0
1787852948 25236 11 4175 0 0
1787852978 25280 11 4175 0 0
1787853008 25324 11 4175 0 0
1787853038 25436 11 4175 0 0
1787853068 25412 11 4175 0 0
1787853098 25416 11 4175 0 0
1787853128 25260 11 4175 0 0
1787853158 28740 12 4175 0 0
1787853188 25200 11 4175 0 0
1787853218 25368 11 4175 0 0
1787853248 25300 11 4175 0 0
1787853278 25260 11 4175 0 0
1787853308 25276 11 4175 0 0
1787853339 25276 11 4175 0 0
1787853369 25276 11 4175 0 0
1787853399 25276 11 4175 0 0
1787853429 25300 11 4175 0 0
1787853459 28796 12 4175 0 0
1787853489 25484 11 4175 0 0
1787853519 25296 11 4175 0 0
1787853549 25256 11 4175 0 0
1787853579 25276 11 4175 0 0
1787853609 25296 11 4175 0 0
1787853639 27104 11 4175 0 0
1787853669 25408 11 4175 0 0
1787853699 25304 11 4175 0 0
1787853729 29044 12 4175 0 0
1787853759 25444 11 4175 0 0
1787853789 25280 11 4175 0 0
1787853819 25304 11 4175 0 0
1787853849 25260 11 4175 0 0
1787853879 25460 11 4175 0 0
1787853909 25256 11 4175 0 0
1787853939 25312 11 4175 0 0
1787853969 25300 11 4175 0 0
1787853999 25420 11 4175 0 0
1787854029 25324 11 4175 0 0
1787854059 25324 11 4175 0 0
1787854089 25324 11 4175 0 0
1787854119 25328 11 4175 0 0
1787854149 29736 11 4175 0 0
1787854179 25312 11 4175 0 0
1787854209 27540 11 4175 0 0
1787854239 25328 11 4175 0 0
1787854269 25296 11 4175 0 0
1787854299 25312 11 4175 0 0
1787854329 25296 11 4175 0 0
1787854359 25332 11 4175 0 0
1787854389 25212 11 4175 0 0
1787854419 25316 11 4175 0 0
1787854449 25352 11 4175 0 0
1787854479 25360 11 4175 0 0
1787854509 25272 11 4175 0 0
1787854539 25160 11 4175 0 0
1787854569 25288 11 4175 0 0
1787854599 25304 11 4175 0 0
1787854629 25380 11 4175 0 0
1787854659 25272 11 4175 0 0
1787854690 25392 11 4175 0 0
1787854720 25324 11 4175 0 0
1787854750 25324 11 4175 0 0
1787854780 25324 11 4175 0 0
1787854810 25216 11 4175 0 0
1787854840 25336 11 4175 0 0
1787854870 25356 11 4175 0 0
1787854900 25428 11 4175 0 0
1787854930 25300 11 4175 0 0
1787854960 25368 11 4175 0 0
1787854990 25276 11 4175 0 0
1787855020 25400 11 4175 0 0
1787855050 25352 11 4175 0 0
1787855080 25388 11 4175 0 0
1787855110 25388 11 4175 0 0
1787855140 25424 11 4175 0 0
1787855170 27216 11 4175 0 0
1787855200 25312 11 4175 0 0
1787855230 25220 11 4175 0 0
1787855260 25376 11 4175 0 0
1787855290 25312 11 4175 0 0
1787855320 25392 11 4175 0 0
1787855350 25436 11 4175 0 0
1787855380 25304 11 4175 0 0
1787855410 25396 11 4175 0 0
1787855440 25396 11 4175 0 0
1787855470 25396 11 4175 0 0
1787855500 25308 11 4175 0 0
1787855530 25304 11 4175 0 0
1787855560 25328 11 4175 0 0
1787855590 25476 11 4175 0 0
1787855620 25216 11 4175 0 0
1787855650 25436 11 4175 0 0
1787855680 25356 11 4175 0 0
1787855710 25436 11 4175 0 0
1787855740 25312 11 4175 0 0
1787855770 25404 11 4175 0 0
1787855800 25308 11 4175 0 0
1787855830 25384 11 4175 0 0
1787855860 25340 11 4175 0 0
1787855890 27788 11 4175 0 0
1787855920 25272 11 4175 0 0
1787855950 25228 11 4175 0 0
1787855980 25264 11 4175 0 0
1787856010 25396 11 4175 0 0
1787856041 25420 11 4175 0 0
1787856071 25336 11 4175 0 0
1787856101 25348 11 4175 0 0
1787856131 25348 11 4175 0 0
1787856161 25348 11 4175 0 0
1787856191 25300 11 4175 0 0
1787856221 25244 11 4175 0 0
1787856251 25236 11 4175 0 0
1787856281 25396 11 4175 0 0
1787856311 25368 11 4175 0 0
1787856341 25500 11 4175 0 0
1787856371 25296 11 4175 0 0
1787856401 25296 11 4175 0 0
1787856431 25332 11 4175 0 0
1787856461 25284 11 4175 0 0
1787856491 25312 11 4175 0 0
1787856521 25416 11 4175 0 0
1787856551 25404 11 4175 0 0
1787856581 25416 11 4175 0 0
1787856611 25360 11 4175 0 0
1787856641 25380 11 4175 0 0
1787856671 25296 11 4175 0 0
1787856701 25452 11 4175 0 0
1787856731 25360 11 4175 0 0
1787856761 25364 11 4175 0 0
1787856791 25604 12 4175 0 0
1787856821 25328 11 4175 0 0
1787856851 25328 11 4175 0 0
1787856881 25328 11 4175 0 0
1787856911 25920 11 4175 0 0
1787856941 25324 11 4175 0 0
1787856971 25332 11 4175 0 0
1787857001 25320 11 4175 0 0
1787857031 25444 11 4175 0 0
1787857061 25384 11 4175 0 0
1787857091 25920 11 4175 0 0
1787857121 25452 11 4175 0 0
1787857151 25352 11 4175 0 0
1787857181 25324 11 4175 0 0
1787857211 25468 11 4175 0 0
1787857241 25284 11 4175 0 0
1787857271 25444 11 4175 0 0
1787857301 25424 11 4175 0 0
1787857331 25336 11 4175 0 0
1787857361 25396 11 4175 0 0
1787857392 25328 11 4175 0 0
1787857422 26768 11 4175 0 0
1787857452 25320 11 4175 0 0
1787857482 25440 11 4175 0 0
1787857512 25340 11 4175 0 0
1787857542 25340 11 4175 0 0
1787857572 25340 11 4175 0 0
1787857602 25372 11 4175 0 0
1787857632 25408 11 4175 0 0
1787857662 25400 11 4175 0 0
1787857692 25376 11 4175 0 0
1787857722 25528 11 4175 0 0
1787857752 25456 11 4175 0 0
1787857782 25348 12 4175 0 0
1787857812 25416 11 4175 0 0
1787857842 25424 11 4175 0 0
1787857872 25432 11 4175 0 0
1787857902 25324 11 4175 0 0
1787857932 25360 11 4175 0 0
1787857962 28004 11 4175 0 0
1787857992 25288 11 4175 0 0
1787858022 25488 11 4175 0 0
1787858052 25276 11 4175 0 0
1787858082 25360 11 4175 0 0
1787858112 25448 11 4175 0 0
1787858142 25372 11 4175 0 0
1787858172 26432 11 4175 0 0
1787858202 25424 11 4175 0 0
1787858232 25424 11 4175 0 0
1787858262 25424 11 4175 0 0
1787858292 25348 11 4175 0 0
1787858322 25456 11 4175 0 0
1787858352 25424 11 4175 0 0
1787858382 25500 11 4175 0 0
1787858412 25524 11 4175 0 0
1787858442 25456 11 4175 0 0
1787858472 25500 11 4175 0 0
1787858502 25516 11 4175 0 0
1787858532 25632 11 4175 0 0
1787858562 28728 12 4175 0 0
1787858592 25380 11 4175 0 0
1787858622 25476 11 4175 0 0
1787858652 29716 12 4175 0 0
1787858682 25556 11 4175 0 0
1787858712 25340 11 4175 0 0
1787858743 25424 11 4175 0 0
1787858773 25392 11 4175 0 0
1787858803 25408 11 4175 0 0
1787858833 25420 11 4175 0 0
1787858863 25532 11 4175 0 0
1787858893 25324 11 4175 0 0
1787858923 25324 11 4175 0 0
1787858953 25324 11 4175 0 0
1787858983 27536 11 4175 0 0
1787859013 25512 11 4175 0 0
1787859043 25492 11 4175 0 0
1787859073 25956 11 4175 0 0
1787859103 25576 11 4175 0 0
1787859133 25524 11 4175 0 0
1787859163 27276 11 4175 0 0
1787859193 25396 11 4175 0 0
1787859223 25528 11 4175 0 0
1787859253 25348 11 4175 0 0
1787859283 25384 11 4175 0 0
1787859313 25544 11 4175 0 0
1787859343 25548 11 4175 0 0
1787859373 25440 11 4175 0 0
1787859403 25368 11 4175 0 0
1787859433 25476 11 4175 0 0
1787859463 25512 11 4175 0 0
1787859493 25624 12 4175 0 0
1787859523 25524 11 4175 0 0
1787859553 25516 11 4175 0 0
1787859583 25408 11 4175 0 0
1787859613 25408 11 4175 0 0
1787859643 25408 11 4175 0 0
1787859673 25476 11 4175 0 0
1787859703 25592 11 4175 0 0
1787859733 25472 11 4175 0 0
1787859763 29768 11 4175 0 0
1787859793 25464 11 4175 0 0
1787859823 25448 11 4175 0 0
1787859853 25472 11 4175 0 0
1787859883 25288 11 4175 0 0
1787859913 25404 11 4175 0 0
1787859943 25416 11 4175 0 0
1787859973 25356 11 4175 0 0
1787860003 25424 11 4175 0 0
1787860033 25516 11 4175 0 0
1787860063 25320 11 4175 0 0
1787860093 25424 11 4175 0 0
1787860124 25400 11 4175 0 0
1787860154 25692 11 4175 0 0
1787860184 27428 11 4175 0 0
1787860214 25480 11 4175 0 0
1787860244 25404 11 4175 0 0
1787860274 25384 11 4175 0 0
1787860304 25384 11 4175 0 0
1787860334 25384 11 4175 0 0
1787860364 25384 11 4175 0 0
1787860394 25496 11 4175 0 0
1787860424 25300 11 4175 0 0
1787860454 25272 11 4175 0 0
1787860484 29752 11 4175 0 0
1787860514 25476 11 4175 0 0
1787860544 25480 11 4175 0 0
1787860574 29808 11 4175 0 0
1787860604 25464 11 4175 0 0
1787860634 25340 11 4175 0 0
1787860664 25348 11 4175 0 0
1787860694 25328 11 4175 0 0
1787860724 25340 11 4175 0 0
1787860754 25512 11 4175 0 0
1787860784 25412 11 4175 0 0
1787860814 29864 11 4175 0 0
1787860844 29844 11 4175 0 0
1787860874 25376 11 4175 0 0
1787860904 25448 11 4175 0 0
1787860934 25344 11 4175 0 0
1787860964 25448 11 4175 0 0
1787860994 25448 11 4175 0 0
1787861024 25448 11 4175 0 0
1787861054 25448 11 4175 0 0
1787861084 25540 11 4175 0 0
1787861114 25592 11 4175 0 0
1787861144 25588 11 4175 0 0
1787861174 25512 11 4175 0 0
1787861204 25444 11 4175 0 0
1787861234 25516 11 4175 0 0
1787861264 25604 11 4175 0 0
1787861294 25472 11 4175 0 0
1787861324 25600 11 4175 0 0
1787861354 25464 11 4175 0 0
1787861384 25540 11 4175 0 0
1787861414 28244 11 4175 0 0
1787861445 25468 11 4175 0 0
1787861475 25400 11 4175 0 0
1787861505 29804 11 4175 0 0
1787861535 25680 11 4175 0 0
1787861565 25408 11 4175 0 0
1787861595 25400 11 4175 0 0
1787861625 25416 11 4175 0 0
1787861655 25384 11 4175 0 0
1787861685 25400 11 4175 0 0
1787861715 25400 11 4175 0 0
1787861745 25400 11 4175 0 0
1787861775 26540 11 4175 0 0
1787861805 25488 11 4175 0 0
1787861835 25476 11 4175 0 0
1787861865 25528 11 4175 0 0
1787861895 25396 11 4175 0 0
1787861925 25408 11 4175 0 0
1787861955 25448 11 4175 0 0
1787861985 25492 11 4175 0 0
1787862015 25684 11 4175 0 0
1787862045 25460 11 4175 0 0
1787862075 28332 11 4175 0 0
1787862105 25396 11 4175 0 0
1787862135 25664 11 4175 0 0
1787862165 25444 11 4175 0 0
1787862195 25468 11 4175 0 0
1787862225 29836 11 4175 0 0
1787862255 25468 11 4175 0 0
1787862285 25412 11 4175 0 0
1787862315 25428 11 4175 0 0
1787862345 25456 11 4175 0 0
1787862375 25424 11 4175 0 0
1787862405 25424 11 4175 0 0
1787862435 25424 11 4175 0 0
1787862465 25512 11 4175 0 0
1787862495 25596 11 4175 0 0
1787862525 25312 11 4175 0 0
1787862555 25320 11 4175 0 0
1787862585 25480 11 4175 0 0
1787862615 25572 11 4175 0 0
1787862645 25440 11 4175 0 0
1787862675 25468 11 4175 0 0
1787862705 25524 11 4175 0 0
1787862735 25524 11 4175 0 0
1787862765 25572 11 4175 0 0
1787862796 25520 11 4175 0 0
1787862826 25612 11 4175 0 0
1787862856 25480 11 4175 0 0
1787862886 25464 11 4175 0 0
1787862916 27408 11 4175 0 0
1787862946 25484 11 4175 0 0
1787862976 25588 11 4175 0 0
1787863006 25448 11 4175 0 0
1787863036 25448 11 4175 0 0
1787863066 25488 11 4175 0 0
1787863096 25488 11 4175 0 0
1787863126 25488 11 4175 0 0
1787863156 25488 11 4175 0 0
1787863186 25452 11 4175 0 0
1787863216 29876 11 4175 0 0
1787863246 25488 11 4175 0 0
1787863276 25468 11 4175 0 0
1787863306 25496 11 4175 0 0
1787863336 25524 11 4175 0 0
1787863366 25488 11 4175 0 0
1787863396 25504 11 4175 0 0
1787863426 25588 11 4175 0 0
1787863456 25540 11 4175 0 0
1787863486 25460 11 4175 0 0
1787863516 25460 11 4175 0 0
1787863546 25352 11 4175 0 0
1787863576 25464 11 4175 0 0
1787863606 25456 11 4175 0 0
1787863636 25452 11 4175 0 0
1787863666 25464 11 4175 0 0
1787863696 25508 11 4175 0 0
1787863726 25536 11 4175 0 0
1787863756 25508 11 4175 0 0
1787863786 25508 11 4175 0 0
1787863816 25508 11 4175 0 0
1787863846 25492 11 4175 0 0
1787863876 29588 12 4175 0 0
1787863906 25544 11 4175 0 0
1787863936 25392 11 4175 0 0
1787863966 25516 11 4175 0 0
1787863996 25460 11 4175 0 0
1787864026 25436 11 4175 0 0
1787864056 26736 11 4175 0 0
1787864086 25504 11 4175 0 0
1787864116 25492 11 4175 0 0
1787864147 25616 11 4175 0 0
1787864177 25488 11 4175 0 0
1787864207 25608 11 4175 0 0
1787864237 25516 11 4175 0 0
1787864267 25528 11 4175 0 0
1787864297 25536 11 4175 0 0
1787864327 25360 11 4175 0 0
1787864357 26376 11 4175 0 0
1787864387 27888 11 4175 0 0
1787864417 25536 11 4175 0 0
1787864447 25416 11 4175 0 0
1787864477 25416 11 4175 0 0
1787864507 25416 11 4175 0 0
1787864537 25520 11 4175 0 0
1787864567 25384 11 4175 0 0
1787864597 25484 11 4175 0 0
1787864627 25404 11 4175 0 0
1787864657 25516 11 4175 0 0
1787864687 25460 11 4175 0 0
1787864717 25544 11 4175 0 0
1787864747 25484 11 4175 0 0
1787864777 25592 11 4175 0 0
1787864807 25548 11 4175 0 0
1787864837 25444 11 4175 0 0
1787864867 25652 11 4175 0 0
1787864897 25556 11 4175 0 0
1787864927 25320 11 4175 0 0
1787864957 25444 11 4175 0 0
1787864987 25564 11 4175 0 0
1787865017 25556 11 4175 0 0
1787865047 25376 11 4175 0 0
1787865077 25448 11 4175 0 0
1787865107 25412 11 4175 0 0
1787865137 25296 11 4175 0 0
1787865167 25296 11 4175 0 0
1787865197 25296 11 4175 0 0
1787865227 25296 11 4175 0 0
1787865257 25436 11 4175 0 0
1787865287 25508 11 4175 0 0
1787865317 25460 11 4175 0 0
1787865347 25768 11 4175 0 0
1787865377 25416 11 4175 0 0
1787865407 25380 11 4175 0 0
1787865437 25420 11 4175 0 0
1787865467 25528 11 4175 0 0
1787865498 25444 11 4175 0 0
1787865528 25524 11 4175 0 0
1787865558 25440 11 4175 0 0
1787865588 25364 11 4175 0 0
1787865618 29128 12 4175 0 0
1787865648 25708 11 4175 0 0
1787865678 25608 11 4175 0 0
1787865708 25620 11 4175 0 0
1787865738 25644 11 4175 0 0
1787865768 29868 11 4175 0 0
1787865798 25644 11 4175 0 0
1787865828 29896 11 4175 0 0
1787865858 25536 11 4175 0 0
1787865888 25536 11 4175 0 0
1787865918 25536 11 4175 0 0
1787865948 25348 11 4175 0 0
1787865978 25544 11 4175 0 0
1787866008 25460 11 4175 0 0
1787866038 25468 11 4175 0 0
1787866068 27756 11 4175 0 0
1787866098 25464 11 4175 0 0
1787866128 25448 11 4175 0 0
1787866158 25480 11 4175 0 0
1787866188 25468 12 4175 0 0
1787866218 25520 11 4175 0 0
1787866248 25520 11 4175 0 0
1787866278 25600 11 4175 0 0
1787866308 25472 11 4175 0 0
1787866338 25540 11 4175 0 0
1787866368 25488 11 4175 0 0
1787866398 25496 11 4175 0 0
1787866428 25508 11 4175 0 0
1787866458 25428 11 4175 0 0
1787866488 25516 11 4175 0 0
1787866518 25348 11 4175 0 0
1787866548 25432 11 4175 0 0
1787866578 25432 11 4175 0 0
1787866608 25432 11 4175 0 0
