epoch agent_rss_kb agent_fds stage_files stage_kb dest_files
1787854047 13172 6 1 8396 41515
1787854077 13172 6 1 8396 41515
1787854107 13172 6 1 8396 41515
1787854137 13164 6 1 8396 41515
1787854167 13180 6 1 8396 41515
1787854198 13148 6 1 8396 41515
1787854228 13180 6 1 8396 41515
1787854258 13148 6 1 8396 41515
1787854288 13172 6 1 8396 41515
1787854318 13156 6 1 8396 41515
1787854348 13140 6 1 8396 41515
1787854378 13140 6 1 8396 41515
1787854408 13156 6 1 8396 41515
1787854438 13176 6 1 8396 41515
1787854468 13108 6 1 8396 41515
1787854498 13180 6 1 8396 41515
1787854528 13156 6 1 8396 41515
1787854558 13140 6 1 8396 41515
1787854588 13140 6 1 8396 41515
1787854619 13148 6 1 8396 41515
1787854649 13148 6 1 8396 41515
1787854679 13480 6 1 12492 41515
1787854709 13120 6 1 8396 41515
1787854739 13120 6 1 8396 41515
1787854769 13120 6 1 8396 41515
1787854799 13120 6 1 8396 41515
1787854829 13092 6 1 8396 41515
1787854859 13108 6 1 8396 41515
1787854889 13380 6 1 8396 41515
1787854919 13116 6 1 8396 41515
1787854949 13148 6 1 8396 41515
1787854979 13160 6 1 8396 41515
1787855009 13920 6 2 8396 41515
1787855040 13160 6 1 8396 41515
1787855070 13168 6 1 8396 41515
1787855100 13136 6 1 8396 41515
1787855130 13136 6 1 8396 41515
1787855160 13152 6 1 8396 41515
1787855190 13136 6 1 8396 41515
1787855220 13168 6 1 8396 41515
1787855250 13092 6 1 8396 41515
1787855280 13108 6 1 8396 41515
1787855310 13136 6 1 8396 41515
1787855340 13168 6 1 8396 41515
1787855370 13168 6 1 8396 41515
1787855400 13168 6 1 8396 41515
1787855430 13168 6 1 8396 41515
1787855461 13168 6 1 8396 41515
1787855491 13168 6 1 8396 41515
1787855521 13120 6 1 8396 41515
1787855551 13084 6 1 8396 41515
1787855581 13136 6 1 8396 41515
1787855611 13164 6 1 8396 41515
1787855641 13168 6 1 8396 41515
1787855671 13136 7 4 8396 41515
1787855701 13140 6 1 8396 41515
1787855731 13108 6 1 8396 41515
1787855761 13152 6 1 8396 41515
1787855791 13080 6 1 8396 41515
1787855821 13116 6 1 8396 41515
1787855851 13124 6 1 8396 41515
1787855882 13124 6 1 8396 41515
1787855912 13108 6 1 8396 41515
1787855942 13144 6 1 8396 41515
1787855972 13152 6 1 8396 41515
1787856002 13112 6 1 8396 41515
1787856032 13080 6 1 8396 41515
1787856062 13112 6 1 8396 41515
1787856092 13128 6 1 8396 41515
1787856122 13128 6 1 8396 41515
1787856152 13128 6 1 8396 41515
1787856182 13128 6 1 8396 41515
1787856212 13136 6 1 8396 41515
1787856242 13168 6 1 8396 41515
1787856272 13120 6 1 8396 41515
1787856303 13160 6 1 8396 41515
1787856333 13168 6 1 8396 41515
1787856363 13136 6 1 8396 41515
1787856393 13168 6 1 8396 41515
1787856423 13136 6 1 8396 41515
1787856453 13160 6 1 8396 41515
1787856483 13128 6 1 8396 41515
1787856513 13120 6 1 8396 41515
1787856543 13160 6 1 8396 41515
1787856573 13128 6 1 8396 41515
1787856603 13144 6 1 8396 41515
1787856633 13112 6 1 8396 41515
1787856663 13152 6 1 8396 41515
1787856693 13128 6 1 8396 41515
1787856724 13152 6 1 8396 41515
1787856754 13144 6 1 8396 41515
1787856784 13144 6 1 8396 41515
1787856814 13144 6 1 8396 41515
1787856844 13144 6 1 8396 41515
1787856874 13144 6 1 8396 41515
1787856904 13120 6 1 8396 41515
1787856934 13152 6 1 8396 41515
1787856964 13152 6 1 8396 41515
1787856994 13128 6 1 8396 41515
1787857024 13136 6 1 8396 41515
1787857054 13136 6 1 8396 41515
1787857084 13116 6 1 8396 41515
1787857114 13100 6 1 8396 41515
1787857145 13128 6 1 8396 41515
1787857175 13156 6 1 8396 41515
1787857205 13100 6 1 8396 41515
1787857235 13140 6 1 8396 41515
1787857265 13148 6 1 8396 41515
1787857295 13116 6 1 8396 41515
1787857325 13140 6 1 8396 41515
1787857355 13132 6 1 8396 41515
1787857385 13172 6 1 8396 41515
1787857415 13140 6 1 8396 41515
1787857445 13140 6 1 8396 41515
1787857475 13140 6 1 8396 41515
1787857505 13172 6 1 8396 41515
1787857536 13172 6 1 8396 41515
1787857566 13172 6 1 8396 41515
1787857596 13172 6 1 8396 41515
1787857626 13172 6 1 8396 41515
1787857656 13172 6 1 8396 41515
1787857686 13128 6 1 8396 41515
1787857716 13148 6 1 8396 41515
1787857746 13092 6 1 8396 41515
1787857776 13128 6 1 8396 41515
1787857806 16008 6 1 8396 41515
1787857836 13140 6 1 8396 41515
1787857866 13212 6 1 8396 41515
1787857896 13172 6 1 8396 41515
1787857926 13172 6 1 8396 41515
1787857957 13156 6 1 8396 41515
1787857987 13140 6 1 8396 41515
1787858017 13156 6 1 8396 41515
1787858047 13148 6 1 8396 41515
1787858077 13164 6 1 8396 41515
1787858107 13164 6 1 8396 41515
1787858137 13164 6 1 8396 41515
1787858167 13104 6 1 8396 41515
1787858197 13140 6 1 8396 41515
1787858227 13140 6 1 8396 41515
1787858257 13140 6 1 8396 41515
1787858287 13152 6 1 8396 41515
1787858317 13112 6 1 8396 41515
1787858347 13144 6 1 8396 41515
1787858378 13172 6 1 8396 41515
1787858408 13132 6 1 8396 41515
1787858438 13156 6 1 8396 41515
1787858468 13160 6 1 8396 41515
1787858498 13140 6 1 8396 41515
1787858528 13140 6 1 8396 41515
1787858558 13140 6 1 8396 41515
1787858588 13172 6 1 8396 41515
1787858618 13152 6 1 8396 41515
1787858648 13080 6 1 8396 41515
1787858678 13124 6 1 8396 41515
1787858708 13068 6 1 8396 41515
1787858738 13140 6 1 8396 41515
1787858768 13160 6 1 8396 41515
1787858799 13124 6 1 8396 41515
1787858829 13168 6 1 8396 41515
1787858859 13152 6 1 8396 41515
1787858889 13136 6 1 8396 41515
1787858919 13136 6 1 8396 41515
1787858949 13136 6 1 8396 41515
1787858979 13416 6 1 8396 41515
1787859009 13148 6 1 8396 41515
1787859039 13180 6 1 8396 41515
1787859069 13168 6 1 8396 41515
1787859099 13168 6 1 8396 41515
1787859129 13140 6 1 8396 41515
1787859159 13140 6 1 8396 41515
1787859190 13112 6 1 8396 41515
1787859220 17484 6 1 8396 41515
1787859250 13124 6 1 8396 41515
1787859280 13124 6 1 8396 41515
1787859310 13092 6 1 8396 41515
1787859340 13140 6 1 8396 41515
1787859370 13136 6 1 8396 41515
1787859400 13152 6 1 8396 41515
1787859430 13128 6 1 8396 41515
1787859460 13152 6 1 8396 41515
1787859490 13152 6 1 8396 41515
1787859520 13136 6 1 8396 41515
1787859550 13152 6 1 8396 41515
1787859580 13152 6 1 8396 41515
1787859611 13152 6 1 8396 41515
1787859641 13152 6 1 8396 41515
1787859671 16884 7 1 8396 41515
1787859701 13120 6 1 8396 41515
1787859731 13152 6 1 8396 41515
1787859761 13120 6 1 8396 41515
1787859791 13152 6 1 8396 41515
1787859821 13136 6 1 8396 41515
1787859851 13160 6 1 8396 41515
1787859881 13152 6 1 8396 41515
1787859911 13120 6 1 8396 41515
1787859941 17320 7 1 8396 41515
1787859971 13068 6 1 8396 41515
1787860001 13068 6 1 8396 41515
1787860032 13152 6 1 8396 41515
1787860062 13132 6 1 8396 41515
1787860092 14520 6 2 8396 41515
1787860122 13140 6 1 8396 41515
1787860152 13172 6 1 8396 41515
1787860182 17072 7 1 8396 41515
1787860212 13172 6 1 8396 41515
1787860242 13172 6 1 8396 41515
1787860272 13172 6 1 8396 41515
1787860302 13172 6 1 8396 41515
1787860332 13172 6 1 8396 41515
1787860362 13172 6 1 8396 41515
1787860392 13152 6 1 8396 41515
1787860422 14832 6 2 8396 41515
1787860453 13144 6 1 8396 41515
1787860483 13112 6 1 8396 41515
1787860513 13124 6 1 8396 41515
1787860543 13168 6 1 8396 41515
1787860573 13168 6 1 8396 41515
1787860603 13168 6 1 8396 41515
1787860633 13156 6 1 8396 41515
1787860663 13140 6 1 8396 41515
1787860693 13140 6 1 8396 41515
1787860723 13140 6 1 8396 41515
1787860753 13140 6 1 8396 41515
1787860783 13140 6 1 10444 41515
1787860813 13096 6 1 8396 41515
1787860844 13152 6 1 8396 41515
1787860874 13152 6 1 8396 41515
1787860904 13136 6 1 8396 41515
1787860934 13152 6 1 8396 41515
1787860964 13152 6 1 8396 41515
1787860994 13152 6 1 8396 41515
1787861024 13152 6 1 8396 41515
1787861054 13152 6 1 8396 41515
1787861084 13128 6 1 8396 41515
1787861114 13128 6 1 8396 41515
1787861144 13112 6 1 8396 41515
1787861174 13160 6 1 8396 41515
1787861204 13152 6 1 8396 41515
1787861234 13124 6 1 8396 41515
1787861265 13220 6 1 10444 41515
1787861295 13152 6 1 8396 41515
1787861325 13152 6 1 8396 41515
1787861355 13168 6 1 8396 41515
1787861385 13168 6 1 8396 41515
1787861415 13168 6 1 8396 41515
1787861445 13120 6 1 8396 41515
1787861475 13148 6 1 8396 41515
1787861505 13120 6 1 8396 41515
1787861535 13120 6 1 8396 41515
1787861565 13120 6 1 8396 41515
1787861595 13152 6 1 8396 41515
1787861625 13152 6 1 8396 41515
1787861656 13168 6 1 8396 41515
1787861686 13168 6 1 8396 41515
1787861716 13168 6 1 8396 41515
1787861746 13168 6 1 8396 41515
1787861776 13168 6 1 8396 41515
1787861806 13136 6 1 8396 41515
1787861836 13168 6 1 8396 41515
1787861866 13136 6 1 8396 41515
1787861896 13132 6 1 8396 41515
1787861926 13136 6 1 8396 41515
1787861956 13168 6 1 8396 41515
1787861986 13152 6 1 8396 41515
1787862016 13212 6 1 8396 41515
1787862046 13128 6 1 8396 41515
1787862077 13088 6 1 8396 41515
1787862107 17488 6 1 8396 41515
1787862137 13168 6 1 8396 41515
1787862167 13176 6 1 8396 41515
1787862197 13120 6 1 8396 41515
1787862227 13152 6 1 8396 41515
1787862257 13160 6 1 8396 41515
1787862287 13160 6 1 8396 41515
1787862317 13168 6 1 8396 41515
1787862347 13136 6 1 8396 41515
1787862377 13128 6 1 8396 41515
1787862407 13128 6 1 8396 41515
1787862437 13128 6 1 8396 41515
1787862467 13136 6 1 8396 41515
1787862498 13168 6 1 8396 41515
1787862528 13152 6 1 8396 41515
1787862558 13168 6 1 8396 41515
1787862588 13160 6 1 8396 41515
1787862618 13160 6 1 8396 41515
1787862648 17528 7 1 8396 41515
1787862678 13168 6 1 8396 41515
1787862708 13152 6 1 8396 41515
1787862738 13144 6 1 8396 41515
1787862768 13120 6 1 8396 41515
1787862798 13168 6 1 8396 41515
1787862828 13168 6 1 8396 41515
1787862858 13136 6 1 8396 41515
1787862888 13156 6 1 8396 41515
1787862919 13124 6 1 8396 41515
1787862949 13108 6 1 8396 41515
1787862979 13084 6 1 8396 41515
1787863009 13132 6 1 8396 41515
1787863039 17164 7 1 8396 41515
1787863069 13112 6 1 8396 41515
1787863099 13112 6 1 8396 41515
1787863129 13112 6 1 8396 41515
1787863159 13168 6 1 8396 41515
1787863189 13304 6 1 8396 41515
1787863219 13168 6 1 8396 41515
1787863249 13128 6 1 8396 41515
1787863279 13152 7 1 8396 41515
1787863309 13160 6 1 8396 41515
1787863340 13068 6 1 8396 41515
1787863370 13492 6 1 12492 41515
1787863400 13120 6 1 8396 41515
1787863430 13152 6 1 8396 41515
1787863460 13128 6 1 8396 41515
1787863490 13120 6 1 8396 41515
1787863520 13152 6 1 8396 41515
1787863550 13120 6 1 8396 41515
1787863580 13136 6 1 8396 41515
1787863610 13120 6 1 8396 41515
1787863640 13120 6 1 8396 41515
1787863670 13152 6 1 8396 41515
1787863700 13172 6 1 8396 41515
1787863731 13152 6 1 8396 41515
1787863761 13156 6 1 8396 41515
1787863791 13156 6 1 8396 41515
1787863821 13156 6 1 8396 41515
1787863851 13144 6 1 8396 41515
1787863881 13132 6 1 8396 41515
1787863911 13164 6 2 8396 41515
1787863941 13132 6 1 8396 41515
1787863971 13132 6 1 8396 41515
1787864001 13132 6 1 8396 41515
1787864031 13164 6 1 8396 41515
1787864061 13140 6 1 8396 41515
1787864091 13092 6 1 8396 41515
1787864121 13508 6 1 12492 41515
1787864152 13172 6 1 8396 41515
1787864182 13140 6 1 8396 41515
1787864212 13132 6 1 8396 41515
1787864242 16100 6 1 8396 41515
1787864272 13132 6 1 8396 41515
1787864302 13164 6 1 8396 41515
1787864332 13172 6 1 8396 41515
1787864362 13140 6 1 8396 41515
1787864392 16760 7 1 8396 41515
1787864422 13140 6 1 8396 41515
1787864452 13172 6 1 8396 41515
1787864482 13172 6 1 8396 41515
1787864512 13172 6 1 8396 41515
1787864542 13172 6 1 8396 41515
1787864573 13172 6 1 8396 41515
1787864603 13172 6 1 8396 41515
1787864633 13172 6 1 8396 41515
1787864663 13172 6 1 8396 41515
1787864693 13140 6 1 8396 41515
1787864723 13160 6 1 8396 41515
1787864753 13156 6 1 10444 41515
1787864783 13100 6 1 8396 41515
1787864813 13140 6 1 8396 41515
1787864843 13172 6 1 8396 41515
1787864873 13140 6 1 8396 41515
1787864903 13156 6 1 8396 41515
1787864933 13156 6 1 8396 41515
1787864963 13172 6 1 8396 41515
1787864994 13124 6 1 8396 41515
1787865024 13156 6 1 8396 41515
1787865054 13140 6 1 8396 41515
1787865084 13172 6 1 8396 41515
1787865114 13172 6 1 8396 41515
1787865144 13140 6 1 8396 41515
1787865174 13140 6 1 8396 41515
1787865204 13140 6 1 8396 41515
1787865234 13140 6 1 8396 41515
1787865264 13140 6 1 8396 41515
1787865294 13156 6 1 8396 41515
1787865324 13172 6 1 8396 41515
1787865354 13140 6 1 10444 41515
1787865384 13172 6 1 8396 41515
1787865415 13172 6 1 8396 41515
1787865445 13160 6 1 8396 41515
1787865475 13164 6 1 8396 41515
1787865505 13140 6 1 8396 41515
1787865535 13172 6 1 8396 41515
1787865565 13152 6 1 8396 41515
1787865595 13152 6 1 8396 41515
1787865625 13120 6 1 8396 41515
1787865655 13164 6 1 8396 41515
1787865685 17480 7 1 8396 41515
1787865715 13120 6 1 8396 41515
1787865745 13152 6 1 8396 41515
1787865775 13120 6 1 8396 41515
1787865805 13152 6 1 8396 41515
1787865836 13152 6 1 8396 41515
1787865866 13152 6 1 8396 41515
1787865896 13152 6 1 8396 41515
1787865926 13168 6 1 8396 41515
1787865956 13136 6 1 8396 41515
1787865986 13120 6 1 8396 41515
1787866016 13128 6 1 8396 41515
1787866046 13128 6 1 8396 41515
1787866076 13148 6 1 8396 41515
1787866106 13092 6 1 8396 41515
1787866136 13060 6 1 8396 41515
1787866166 14368 6 2 8396 41515
1787866196 13072 6 1 8396 41515
1787866226 13108 6 1 8396 41515
1787866257 13124 6 1 8396 41515
1787866287 13124 6 1 8396 41515
1787866317 13100 6 1 8396 41515
1787866347 13152 6 1 8396 41515
1787866377 13092 6 1 8396 41515
1787866407 13112 6 1 8396 41515
1787866437 13144 6 1 8396 41515
1787866467 13160 6 1 8396 41515
1787866497 13124 6 1 8396 41515
1787866527 13160 6 1 8396 41515
1787866557 13160 6 1 8396 41515
1787866587 13160 6 1 8396 41515
1787866617 13160 6 1 8396 41515
